---
source: pallas-txbuilder/tests/builder.rs
expression: tx
---
83a400818258200000000000000000000000000000000000000000000000000000000000000000000181a2004001821a000f4240a1581c00000000000000000000000000000000000000000000000000000000a1474d7941737365741a000f4240021a000282520f01a0f5
