---
source: pallas-txbuilder/tests/builder.rs
expression: "&cbor"
---
- 0:
    - - - 0
        - 0
        - 0
        - 0
        - 0
        - 0
        - 0
        - 0
        - 0
        - 0
        - 0
        - 0
        - 0
        - 0
        - 0
        - 0
        - 0
        - 0
        - 0
        - 0
        - 0
        - 0
        - 0
        - 0
        - 0
        - 0
        - 0
        - 0
        - 0
        - 0
        - 0
        - 0
      - 0
  1:
    - 0: []
      1: 1000000
  2: 164610
  9:
    ? - 0
      - 0
      - 0
      - 0
      - 0
      - 0
      - 0
      - 0
      - 0
      - 0
      - 0
      - 0
      - 0
      - 0
      - 0
      - 0
      - 0
      - 0
      - 0
      - 0
      - 0
      - 0
      - 0
      - 0
      - 0
      - 0
      - 0
      - 0
    : ? - 77
        - 121
        - 65
        - 115
        - 115
        - 101
        - 116
        - 32
        - 50
      : 1000000
  15: 1
- {}
- true

