---
source: pallas-txbuilder/tests/builder.rs
expression: tx
---
83a500818258200000000000000000000000000000000000000000000000000000000000000000000181a20040011a000f4240021a00027497031a01555a5d0f01a0f5
