---
source: pallas-txbuilder/tests/builder.rs
expression: tx
---
83a400818258200000000000000000000000000000000000000000000000000000000000000000000181a20040011a000f4240021a000272870f01a0f5
