---
source: pallas-txbuilder/tests/builder.rs
expression: "&cbor"
---
- 0:
    - - - 0
        - 0
        - 0
        - 0
        - 0
        - 0
        - 0
        - 0
        - 0
        - 0
        - 0
        - 0
        - 0
        - 0
        - 0
        - 0
        - 0
        - 0
        - 0
        - 0
        - 0
        - 0
        - 0
        - 0
        - 0
        - 0
        - 0
        - 0
        - 0
        - 0
        - 0
        - 0
      - 0
  1:
    - 0: []
      1: 1000000
  2: 161270
  8: valid_after
  15: 1
- {}
- true

